Command line invocation:
    /Applications/Xcode.app/Contents/Developer/usr/bin/xcodebuild test -project Tribeboard.xcodeproj -scheme Tribeboard -destination "platform=iOS Simulator,name=iPhone 16e"

2026-02-11 11:56:32.614 xcodebuild[22027:1728629] [MT] IDERunDestination: Supported platforms for the buildables in the current scheme is empty.
ComputePackagePrebuildTargetDependencyGraph

Prepare packages

CreateBuildRequest

SendProjectDescription

CreateBuildOperation

ComputeTargetDependencyGraph
note: Building targets in dependency order
note: Target dependency graph (3 targets)
    Target 'TribeboardUITests' in project 'Tribeboard'
        ➜ Explicit dependency on target 'Tribeboard' in project 'Tribeboard'
    Target 'TribeboardTests' in project 'Tribeboard'
        ➜ Explicit dependency on target 'Tribeboard' in project 'Tribeboard'
    Target 'Tribeboard' in project 'Tribeboard' (no dependencies)

GatherProvisioningInputs

CreateBuildDescription

ExecuteExternalTool /Applications/Xcode.app/Contents/Developer/Toolchains/XcodeDefault.xctoolchain/usr/bin/clang -v -E -dM -isysroot /Applications/Xcode.app/Contents/Developer/Platforms/iPhoneSimulator.platform/Developer/SDKs/iPhoneSimulator26.2.sdk -x c -c /dev/null

ExecuteExternalTool /Applications/Xcode.app/Contents/Developer/Toolchains/XcodeDefault.xctoolchain/usr/bin/swiftc --version

ExecuteExternalTool /Applications/Xcode.app/Contents/Developer/usr/bin/momc --dry-run --action generate --swift-version 5.0 --sdkroot /Applications/Xcode.app/Contents/Developer/Platforms/iPhoneSimulator.platform/Developer/SDKs/iPhoneSimulator26.2.sdk --iphonesimulator-deployment-target 18.6 --module Tribeboard /Users/tafmawere/Projects Kiro/Tribeboard_MVP/Tribeboard/Tribeboard/Tribeboard.xcdatamodeld /Users/tafmawere/Library/Developer/Xcode/DerivedData/Tribeboard-hdigiwhflrfqtodtlckntnnupjxx/Build/Intermediates.noindex/Tribeboard.build/Debug-iphonesimulator/Tribeboard.build/DerivedSources/CoreDataGenerated/Tribeboard

ExecuteExternalTool /Applications/Xcode.app/Contents/Developer/usr/bin/actool --print-asset-tag-combinations --output-format xml1 /Users/tafmawere/Projects Kiro/Tribeboard_MVP/Tribeboard/Tribeboard/Assets.xcassets

ExecuteExternalTool /Applications/Xcode.app/Contents/Developer/Toolchains/XcodeDefault.xctoolchain/usr/bin/ld -version_details

ExecuteExternalTool /Applications/Xcode.app/Contents/Developer/usr/bin/actool --version --output-format xml1

Build description signature: 6a3ac20664a7c177d192b035563aa79b
Build description path: /Users/tafmawere/Library/Developer/Xcode/DerivedData/Tribeboard-hdigiwhflrfqtodtlckntnnupjxx/Build/Intermediates.noindex/XCBuildData/6a3ac20664a7c177d192b035563aa79b.xcbuilddata
ClangStatCache /Applications/Xcode.app/Contents/Developer/Toolchains/XcodeDefault.xctoolchain/usr/bin/clang-stat-cache /Applications/Xcode.app/Contents/Developer/Platforms/iPhoneSimulator.platform/Developer/SDKs/iPhoneSimulator26.2.sdk /Users/tafmawere/Library/Developer/Xcode/DerivedData/SDKStatCaches.noindex/iphonesimulator26.2-23C53-7d00a8b37fbd7999ea79df8ebc024bf0.sdkstatcache
    cd /Users/tafmawere/Projects\ Kiro/Tribeboard_MVP/Tribeboard/Tribeboard.xcodeproj
    /Applications/Xcode.app/Contents/Developer/Toolchains/XcodeDefault.xctoolchain/usr/bin/clang-stat-cache /Applications/Xcode.app/Contents/Developer/Platforms/iPhoneSimulator.platform/Developer/SDKs/iPhoneSimulator26.2.sdk -o /Users/tafmawere/Library/Developer/Xcode/DerivedData/SDKStatCaches.noindex/iphonesimulator26.2-23C53-7d00a8b37fbd7999ea79df8ebc024bf0.sdkstatcache

WriteAuxiliaryFile /Users/tafmawere/Library/Developer/Xcode/DerivedData/Tribeboard-hdigiwhflrfqtodtlckntnnupjxx/Build/Intermediates.noindex/Tribeboard.build/Debug-iphonesimulator/TribeboardUITests.build/empty-TribeboardUITests.plist (in target 'TribeboardUITests' from project 'Tribeboard')
    cd /Users/tafmawere/Projects\ Kiro/Tribeboard_MVP/Tribeboard
    write-file /Users/tafmawere/Library/Developer/Xcode/DerivedData/Tribeboard-hdigiwhflrfqtodtlckntnnupjxx/Build/Intermediates.noindex/Tribeboard.build/Debug-iphonesimulator/TribeboardUITests.build/empty-TribeboardUITests.plist

WriteAuxiliaryFile /Users/tafmawere/Library/Developer/Xcode/DerivedData/Tribeboard-hdigiwhflrfqtodtlckntnnupjxx/Build/Intermediates.noindex/Tribeboard.build/Debug-iphonesimulator/TribeboardUITests.build/TribeboardUITests-project-headers.hmap (in target 'TribeboardUITests' from project 'Tribeboard')
    cd /Users/tafmawere/Projects\ Kiro/Tribeboard_MVP/Tribeboard
    write-file /Users/tafmawere/Library/Developer/Xcode/DerivedData/Tribeboard-hdigiwhflrfqtodtlckntnnupjxx/Build/Intermediates.noindex/Tribeboard.build/Debug-iphonesimulator/TribeboardUITests.build/TribeboardUITests-project-headers.hmap

WriteAuxiliaryFile /Users/tafmawere/Library/Developer/Xcode/DerivedData/Tribeboard-hdigiwhflrfqtodtlckntnnupjxx/Build/Intermediates.noindex/Tribeboard.build/Debug-iphonesimulator/TribeboardUITests.build/TribeboardUITests.hmap (in target 'TribeboardUITests' from project 'Tribeboard')
    cd /Users/tafmawere/Projects\ Kiro/Tribeboard_MVP/Tribeboard
    write-file /Users/tafmawere/Library/Developer/Xcode/DerivedData/Tribeboard-hdigiwhflrfqtodtlckntnnupjxx/Build/Intermediates.noindex/Tribeboard.build/Debug-iphonesimulator/TribeboardUITests.build/TribeboardUITests.hmap

WriteAuxiliaryFile /Users/tafmawere/Library/Developer/Xcode/DerivedData/Tribeboard-hdigiwhflrfqtodtlckntnnupjxx/Build/Intermediates.noindex/Tribeboard.build/Debug-iphonesimulator/TribeboardUITests.build/TribeboardUITests-all-target-headers.hmap (in target 'TribeboardUITests' from project 'Tribeboard')
    cd /Users/tafmawere/Projects\ Kiro/Tribeboard_MVP/Tribeboard
    write-file /Users/tafmawere/Library/Developer/Xcode/DerivedData/Tribeboard-hdigiwhflrfqtodtlckntnnupjxx/Build/Intermediates.noindex/Tribeboard.build/Debug-iphonesimulator/TribeboardUITests.build/TribeboardUITests-all-target-headers.hmap

WriteAuxiliaryFile /Users/tafmawere/Library/Developer/Xcode/DerivedData/Tribeboard-hdigiwhflrfqtodtlckntnnupjxx/Build/Intermediates.noindex/Tribeboard.build/Debug-iphonesimulator/TribeboardUITests.build/TribeboardUITests-all-non-framework-target-headers.hmap (in target 'TribeboardUITests' from project 'Tribeboard')
    cd /Users/tafmawere/Projects\ Kiro/Tribeboard_MVP/Tribeboard
    write-file /Users/tafmawere/Library/Developer/Xcode/DerivedData/Tribeboard-hdigiwhflrfqtodtlckntnnupjxx/Build/Intermediates.noindex/Tribeboard.build/Debug-iphonesimulator/TribeboardUITests.build/TribeboardUITests-all-non-framework-target-headers.hmap

WriteAuxiliaryFile /Users/tafmawere/Library/Developer/Xcode/DerivedData/Tribeboard-hdigiwhflrfqtodtlckntnnupjxx/Build/Intermediates.noindex/Tribeboard.build/Debug-iphonesimulator/TribeboardUITests.build/TribeboardUITests.DependencyStaticMetadataFileList (in target 'TribeboardUITests' from project 'Tribeboard')
    cd /Users/tafmawere/Projects\ Kiro/Tribeboard_MVP/Tribeboard
    write-file /Users/tafmawere/Library/Developer/Xcode/DerivedData/Tribeboard-hdigiwhflrfqtodtlckntnnupjxx/Build/Intermediates.noindex/Tribeboard.build/Debug-iphonesimulator/TribeboardUITests.build/TribeboardUITests.DependencyStaticMetadataFileList

WriteAuxiliaryFile /Users/tafmawere/Library/Developer/Xcode/DerivedData/Tribeboard-hdigiwhflrfqtodtlckntnnupjxx/Build/Intermediates.noindex/Tribeboard.build/Debug-iphonesimulator/TribeboardUITests.build/TribeboardUITests-own-target-headers.hmap (in target 'TribeboardUITests' from project 'Tribeboard')
    cd /Users/tafmawere/Projects\ Kiro/Tribeboard_MVP/Tribeboard
    write-file /Users/tafmawere/Library/Developer/Xcode/DerivedData/Tribeboard-hdigiwhflrfqtodtlckntnnupjxx/Build/Intermediates.noindex/Tribeboard.build/Debug-iphonesimulator/TribeboardUITests.build/TribeboardUITests-own-target-headers.hmap

WriteAuxiliaryFile /Users/tafmawere/Library/Developer/Xcode/DerivedData/Tribeboard-hdigiwhflrfqtodtlckntnnupjxx/Build/Intermediates.noindex/Tribeboard.build/Debug-iphonesimulator/TribeboardUITests.build/TribeboardUITests.DependencyMetadataFileList (in target 'TribeboardUITests' from project 'Tribeboard')
    cd /Users/tafmawere/Projects\ Kiro/Tribeboard_MVP/Tribeboard
    write-file /Users/tafmawere/Library/Developer/Xcode/DerivedData/Tribeboard-hdigiwhflrfqtodtlckntnnupjxx/Build/Intermediates.noindex/Tribeboard.build/Debug-iphonesimulator/TribeboardUITests.build/TribeboardUITests.DependencyMetadataFileList

WriteAuxiliaryFile /Users/tafmawere/Library/Developer/Xcode/DerivedData/Tribeboard-hdigiwhflrfqtodtlckntnnupjxx/Build/Intermediates.noindex/Tribeboard.build/Debug-iphonesimulator/TribeboardUITests.build/ProductTypeInfoPlistAdditions.plist (in target 'TribeboardUITests' from project 'Tribeboard')
    cd /Users/tafmawere/Projects\ Kiro/Tribeboard_MVP/Tribeboard
    write-file /Users/tafmawere/Library/Developer/Xcode/DerivedData/Tribeboard-hdigiwhflrfqtodtlckntnnupjxx/Build/Intermediates.noindex/Tribeboard.build/Debug-iphonesimulator/TribeboardUITests.build/ProductTypeInfoPlistAdditions.plist

WriteAuxiliaryFile /Users/tafmawere/Library/Developer/Xcode/DerivedData/Tribeboard-hdigiwhflrfqtodtlckntnnupjxx/Build/Intermediates.noindex/Tribeboard.build/Debug-iphonesimulator/TribeboardUITests.build/TribeboardUITests-generated-files.hmap (in target 'TribeboardUITests' from project 'Tribeboard')
    cd /Users/tafmawere/Projects\ Kiro/Tribeboard_MVP/Tribeboard
    write-file /Users/tafmawere/Library/Developer/Xcode/DerivedData/Tribeboard-hdigiwhflrfqtodtlckntnnupjxx/Build/Intermediates.noindex/Tribeboard.build/Debug-iphonesimulator/TribeboardUITests.build/TribeboardUITests-generated-files.hmap

WriteAuxiliaryFile /Users/tafmawere/Library/Developer/Xcode/DerivedData/Tribeboard-hdigiwhflrfqtodtlckntnnupjxx/Build/Intermediates.noindex/Tribeboard.build/Debug-iphonesimulator/TribeboardUITests.build/Objects-normal/arm64/TribeboardUITests_const_extract_protocols.json (in target 'TribeboardUITests' from project 'Tribeboard')
    cd /Users/tafmawere/Projects\ Kiro/Tribeboard_MVP/Tribeboard
    write-file /Users/tafmawere/Library/Developer/Xcode/DerivedData/Tribeboard-hdigiwhflrfqtodtlckntnnupjxx/Build/Intermediates.noindex/Tribeboard.build/Debug-iphonesimulator/TribeboardUITests.build/Objects-normal/arm64/TribeboardUITests_const_extract_protocols.json

WriteAuxiliaryFile /Users/tafmawere/Library/Developer/Xcode/DerivedData/Tribeboard-hdigiwhflrfqtodtlckntnnupjxx/Build/Intermediates.noindex/Tribeboard.build/Debug-iphonesimulator/TribeboardUITests.build/Objects-normal/arm64/TribeboardUITests.SwiftConstValuesFileList (in target 'TribeboardUITests' from project 'Tribeboard')
    cd /Users/tafmawere/Projects\ Kiro/Tribeboard_MVP/Tribeboard
    write-file /Users/tafmawere/Library/Developer/Xcode/DerivedData/Tribeboard-hdigiwhflrfqtodtlckntnnupjxx/Build/Intermediates.noindex/Tribeboard.build/Debug-iphonesimulator/TribeboardUITests.build/Objects-normal/arm64/TribeboardUITests.SwiftConstValuesFileList

WriteAuxiliaryFile /Users/tafmawere/Library/Developer/Xcode/DerivedData/Tribeboard-hdigiwhflrfqtodtlckntnnupjxx/Build/Intermediates.noindex/Tribeboard.build/Debug-iphonesimulator/TribeboardUITests.build/Objects-normal/arm64/TribeboardUITests.SwiftFileList (in target 'TribeboardUITests' from project 'Tribeboard')
    cd /Users/tafmawere/Projects\ Kiro/Tribeboard_MVP/Tribeboard
    write-file /Users/tafmawere/Library/Developer/Xcode/DerivedData/Tribeboard-hdigiwhflrfqtodtlckntnnupjxx/Build/Intermediates.noindex/Tribeboard.build/Debug-iphonesimulator/TribeboardUITests.build/Objects-normal/arm64/TribeboardUITests.SwiftFileList

WriteAuxiliaryFile /Users/tafmawere/Library/Developer/Xcode/DerivedData/Tribeboard-hdigiwhflrfqtodtlckntnnupjxx/Build/Intermediates.noindex/Tribeboard.build/Debug-iphonesimulator/TribeboardUITests.build/Objects-normal/arm64/TribeboardUITests.LinkFileList (in target 'TribeboardUITests' from project 'Tribeboard')
    cd /Users/tafmawere/Projects\ Kiro/Tribeboard_MVP/Tribeboard
    write-file /Users/tafmawere/Library/Developer/Xcode/DerivedData/Tribeboard-hdigiwhflrfqtodtlckntnnupjxx/Build/Intermediates.noindex/Tribeboard.build/Debug-iphonesimulator/TribeboardUITests.build/Objects-normal/arm64/TribeboardUITests.LinkFileList

WriteAuxiliaryFile /Users/tafmawere/Library/Developer/Xcode/DerivedData/Tribeboard-hdigiwhflrfqtodtlckntnnupjxx/Build/Intermediates.noindex/Tribeboard.build/Debug-iphonesimulator/TribeboardUITests.build/Objects-normal/arm64/TribeboardUITests-OutputFileMap.json (in target 'TribeboardUITests' from project 'Tribeboard')
    cd /Users/tafmawere/Projects\ Kiro/Tribeboard_MVP/Tribeboard
    write-file /Users/tafmawere/Library/Developer/Xcode/DerivedData/Tribeboard-hdigiwhflrfqtodtlckntnnupjxx/Build/Intermediates.noindex/Tribeboard.build/Debug-iphonesimulator/TribeboardUITests.build/Objects-normal/arm64/TribeboardUITests-OutputFileMap.json

WriteAuxiliaryFile /Users/tafmawere/Library/Developer/Xcode/DerivedData/Tribeboard-hdigiwhflrfqtodtlckntnnupjxx/Build/Intermediates.noindex/Tribeboard.build/Debug-iphonesimulator/TribeboardTests.build/empty-TribeboardTests.plist (in target 'TribeboardTests' from project 'Tribeboard')
    cd /Users/tafmawere/Projects\ Kiro/Tribeboard_MVP/Tribeboard
    write-file /Users/tafmawere/Library/Developer/Xcode/DerivedData/Tribeboard-hdigiwhflrfqtodtlckntnnupjxx/Build/Intermediates.noindex/Tribeboard.build/Debug-iphonesimulator/TribeboardTests.build/empty-TribeboardTests.plist

WriteAuxiliaryFile /Users/tafmawere/Library/Developer/Xcode/DerivedData/Tribeboard-hdigiwhflrfqtodtlckntnnupjxx/Build/Intermediates.noindex/Tribeboard.build/Debug-iphonesimulator/TribeboardTests.build/TribeboardTests-project-headers.hmap (in target 'TribeboardTests' from project 'Tribeboard')
    cd /Users/tafmawere/Projects\ Kiro/Tribeboard_MVP/Tribeboard
    write-file /Users/tafmawere/Library/Developer/Xcode/DerivedData/Tribeboard-hdigiwhflrfqtodtlckntnnupjxx/Build/Intermediates.noindex/Tribeboard.build/Debug-iphonesimulator/TribeboardTests.build/TribeboardTests-project-headers.hmap

WriteAuxiliaryFile /Users/tafmawere/Library/Developer/Xcode/DerivedData/Tribeboard-hdigiwhflrfqtodtlckntnnupjxx/Build/Intermediates.noindex/Tribeboard.build/Debug-iphonesimulator/TribeboardTests.build/TribeboardTests.DependencyStaticMetadataFileList (in target 'TribeboardTests' from project 'Tribeboard')
    cd /Users/tafmawere/Projects\ Kiro/Tribeboard_MVP/Tribeboard
    write-file /Users/tafmawere/Library/Developer/Xcode/DerivedData/Tribeboard-hdigiwhflrfqtodtlckntnnupjxx/Build/Intermediates.noindex/Tribeboard.build/Debug-iphonesimulator/TribeboardTests.build/TribeboardTests.DependencyStaticMetadataFileList

WriteAuxiliaryFile /Users/tafmawere/Library/Developer/Xcode/DerivedData/Tribeboard-hdigiwhflrfqtodtlckntnnupjxx/Build/Intermediates.noindex/Tribeboard.build/Debug-iphonesimulator/TribeboardTests.build/TribeboardTests.DependencyMetadataFileList (in target 'TribeboardTests' from project 'Tribeboard')
    cd /Users/tafmawere/Projects\ Kiro/Tribeboard_MVP/Tribeboard
    write-file /Users/tafmawere/Library/Developer/Xcode/DerivedData/Tribeboard-hdigiwhflrfqtodtlckntnnupjxx/Build/Intermediates.noindex/Tribeboard.build/Debug-iphonesimulator/TribeboardTests.build/TribeboardTests.DependencyMetadataFileList

WriteAuxiliaryFile /Users/tafmawere/Library/Developer/Xcode/DerivedData/Tribeboard-hdigiwhflrfqtodtlckntnnupjxx/Build/Intermediates.noindex/Tribeboard.build/Debug-iphonesimulator/TribeboardTests.build/TribeboardTests.hmap (in target 'TribeboardTests' from project 'Tribeboard')
    cd /Users/tafmawere/Projects\ Kiro/Tribeboard_MVP/Tribeboard
    write-file /Users/tafmawere/Library/Developer/Xcode/DerivedData/Tribeboard-hdigiwhflrfqtodtlckntnnupjxx/Build/Intermediates.noindex/Tribeboard.build/Debug-iphonesimulator/TribeboardTests.build/TribeboardTests.hmap

WriteAuxiliaryFile /Users/tafmawere/Library/Developer/Xcode/DerivedData/Tribeboard-hdigiwhflrfqtodtlckntnnupjxx/Build/Intermediates.noindex/Tribeboard.build/Debug-iphonesimulator/TribeboardTests.build/TribeboardTests-own-target-headers.hmap (in target 'TribeboardTests' from project 'Tribeboard')
    cd /Users/tafmawere/Projects\ Kiro/Tribeboard_MVP/Tribeboard
    write-file /Users/tafmawere/Library/Developer/Xcode/DerivedData/Tribeboard-hdigiwhflrfqtodtlckntnnupjxx/Build/Intermediates.noindex/Tribeboard.build/Debug-iphonesimulator/TribeboardTests.build/TribeboardTests-own-target-headers.hmap

WriteAuxiliaryFile /Users/tafmawere/Library/Developer/Xcode/DerivedData/Tribeboard-hdigiwhflrfqtodtlckntnnupjxx/Build/Intermediates.noindex/Tribeboard.build/Debug-iphonesimulator/TribeboardUITests.build/DerivedSources/Entitlements-Simulated.plist (in target 'TribeboardUITests' from project 'Tribeboard')
    cd /Users/tafmawere/Projects\ Kiro/Tribeboard_MVP/Tribeboard
    write-file /Users/tafmawere/Library/Developer/Xcode/DerivedData/Tribeboard-hdigiwhflrfqtodtlckntnnupjxx/Build/Intermediates.noindex/Tribeboard.build/Debug-iphonesimulator/TribeboardUITests.build/DerivedSources/Entitlements-Simulated.plist

WriteAuxiliaryFile /Users/tafmawere/Library/Developer/Xcode/DerivedData/Tribeboard-hdigiwhflrfqtodtlckntnnupjxx/Build/Intermediates.noindex/Tribeboard.build/Debug-iphonesimulator/TribeboardTests.build/TribeboardTests-generated-files.hmap (in target 'TribeboardTests' from project 'Tribeboard')
    cd /Users/tafmawere/Projects\ Kiro/Tribeboard_MVP/Tribeboard
    write-file /Users/tafmawere/Library/Developer/Xcode/DerivedData/Tribeboard-hdigiwhflrfqtodtlckntnnupjxx/Build/Intermediates.noindex/Tribeboard.build/Debug-iphonesimulator/TribeboardTests.build/TribeboardTests-generated-files.hmap

WriteAuxiliaryFile /Users/tafmawere/Library/Developer/Xcode/DerivedData/Tribeboard-hdigiwhflrfqtodtlckntnnupjxx/Build/Intermediates.noindex/Tribeboard.build/Debug-iphonesimulator/TribeboardTests.build/TribeboardTests-all-target-headers.hmap (in target 'TribeboardTests' from project 'Tribeboard')
    cd /Users/tafmawere/Projects\ Kiro/Tribeboard_MVP/Tribeboard
    write-file /Users/tafmawere/Library/Developer/Xcode/DerivedData/Tribeboard-hdigiwhflrfqtodtlckntnnupjxx/Build/Intermediates.noindex/Tribeboard.build/Debug-iphonesimulator/TribeboardTests.build/TribeboardTests-all-target-headers.hmap

WriteAuxiliaryFile /Users/tafmawere/Library/Developer/Xcode/DerivedData/Tribeboard-hdigiwhflrfqtodtlckntnnupjxx/Build/Intermediates.noindex/Tribeboard.build/Debug-iphonesimulator/TribeboardTests.build/TribeboardTests-all-non-framework-target-headers.hmap (in target 'TribeboardTests' from project 'Tribeboard')
    cd /Users/tafmawere/Projects\ Kiro/Tribeboard_MVP/Tribeboard
    write-file /Users/tafmawere/Library/Developer/Xcode/DerivedData/Tribeboard-hdigiwhflrfqtodtlckntnnupjxx/Build/Intermediates.noindex/Tribeboard.build/Debug-iphonesimulator/TribeboardTests.build/TribeboardTests-all-non-framework-target-headers.hmap

WriteAuxiliaryFile /Users/tafmawere/Library/Developer/Xcode/DerivedData/Tribeboard-hdigiwhflrfqtodtlckntnnupjxx/Build/Intermediates.noindex/Tribeboard.build/Debug-iphonesimulator/TribeboardTests.build/Objects-normal/arm64/TribeboardTests_const_extract_protocols.json (in target 'TribeboardTests' from project 'Tribeboard')
    cd /Users/tafmawere/Projects\ Kiro/Tribeboard_MVP/Tribeboard
    write-file /Users/tafmawere/Library/Developer/Xcode/DerivedData/Tribeboard-hdigiwhflrfqtodtlckntnnupjxx/Build/Intermediates.noindex/Tribeboard.build/Debug-iphonesimulator/TribeboardTests.build/Objects-normal/arm64/TribeboardTests_const_extract_protocols.json

WriteAuxiliaryFile /Users/tafmawere/Library/Developer/Xcode/DerivedData/Tribeboard-hdigiwhflrfqtodtlckntnnupjxx/Build/Intermediates.noindex/Tribeboard.build/Debug-iphonesimulator/TribeboardTests.build/Objects-normal/arm64/TribeboardTests.SwiftFileList (in target 'TribeboardTests' from project 'Tribeboard')
    cd /Users/tafmawere/Projects\ Kiro/Tribeboard_MVP/Tribeboard
    write-file /Users/tafmawere/Library/Developer/Xcode/DerivedData/Tribeboard-hdigiwhflrfqtodtlckntnnupjxx/Build/Intermediates.noindex/Tribeboard.build/Debug-iphonesimulator/TribeboardTests.build/Objects-normal/arm64/TribeboardTests.SwiftFileList

WriteAuxiliaryFile /Users/tafmawere/Library/Developer/Xcode/DerivedData/Tribeboard-hdigiwhflrfqtodtlckntnnupjxx/Build/Intermediates.noindex/Tribeboard.build/Debug-iphonesimulator/TribeboardTests.build/Objects-normal/arm64/TribeboardTests.SwiftConstValuesFileList (in target 'TribeboardTests' from project 'Tribeboard')
    cd /Users/tafmawere/Projects\ Kiro/Tribeboard_MVP/Tribeboard
    write-file /Users/tafmawere/Library/Developer/Xcode/DerivedData/Tribeboard-hdigiwhflrfqtodtlckntnnupjxx/Build/Intermediates.noindex/Tribeboard.build/Debug-iphonesimulator/TribeboardTests.build/Objects-normal/arm64/TribeboardTests.SwiftConstValuesFileList

WriteAuxiliaryFile /Users/tafmawere/Library/Developer/Xcode/DerivedData/Tribeboard-hdigiwhflrfqtodtlckntnnupjxx/Build/Intermediates.noindex/Tribeboard.build/Debug-iphonesimulator/TribeboardTests.build/Objects-normal/arm64/TribeboardTests.LinkFileList (in target 'TribeboardTests' from project 'Tribeboard')
    cd /Users/tafmawere/Projects\ Kiro/Tribeboard_MVP/Tribeboard
    write-file /Users/tafmawere/Library/Developer/Xcode/DerivedData/Tribeboard-hdigiwhflrfqtodtlckntnnupjxx/Build/Intermediates.noindex/Tribeboard.build/Debug-iphonesimulator/TribeboardTests.build/Objects-normal/arm64/TribeboardTests.LinkFileList

WriteAuxiliaryFile /Users/tafmawere/Library/Developer/Xcode/DerivedData/Tribeboard-hdigiwhflrfqtodtlckntnnupjxx/Build/Intermediates.noindex/Tribeboard.build/Debug-iphonesimulator/TribeboardTests.build/Objects-normal/arm64/TribeboardTests-OutputFileMap.json (in target 'TribeboardTests' from project 'Tribeboard')
    cd /Users/tafmawere/Projects\ Kiro/Tribeboard_MVP/Tribeboard
    write-file /Users/tafmawere/Library/Developer/Xcode/DerivedData/Tribeboard-hdigiwhflrfqtodtlckntnnupjxx/Build/Intermediates.noindex/Tribeboard.build/Debug-iphonesimulator/TribeboardTests.build/Objects-normal/arm64/TribeboardTests-OutputFileMap.json

MkDir /Users/tafmawere/Library/Developer/Xcode/DerivedData/Tribeboard-hdigiwhflrfqtodtlckntnnupjxx/Build/Products/Debug-iphonesimulator/Tribeboard.app/PlugIns/TribeboardTests.xctest (in target 'TribeboardTests' from project 'Tribeboard')
    cd /Users/tafmawere/Projects\ Kiro/Tribeboard_MVP/Tribeboard
    /bin/mkdir -p /Users/tafmawere/Library/Developer/Xcode/DerivedData/Tribeboard-hdigiwhflrfqtodtlckntnnupjxx/Build/Products/Debug-iphonesimulator/Tribeboard.app/PlugIns/TribeboardTests.xctest

MkDir /Users/tafmawere/Library/Developer/Xcode/DerivedData/Tribeboard-hdigiwhflrfqtodtlckntnnupjxx/Build/Products/Debug-iphonesimulator/TribeboardUITests-Runner.app/PlugIns/TribeboardUITests.xctest (in target 'TribeboardUITests' from project 'Tribeboard')
    cd /Users/tafmawere/Projects\ Kiro/Tribeboard_MVP/Tribeboard
    /bin/mkdir -p /Users/tafmawere/Library/Developer/Xcode/DerivedData/Tribeboard-hdigiwhflrfqtodtlckntnnupjxx/Build/Products/Debug-iphonesimulator/TribeboardUITests-Runner.app/PlugIns/TribeboardUITests.xctest

WriteAuxiliaryFile /Users/tafmawere/Library/Developer/Xcode/DerivedData/Tribeboard-hdigiwhflrfqtodtlckntnnupjxx/Build/Intermediates.noindex/Tribeboard.build/Debug-iphonesimulator/Tribeboard.build/Objects-normal/arm64/Tribeboard.SwiftFileList (in target 'Tribeboard' from project 'Tribeboard')
    cd /Users/tafmawere/Projects\ Kiro/Tribeboard_MVP/Tribeboard
    write-file /Users/tafmawere/Library/Developer/Xcode/DerivedData/Tribeboard-hdigiwhflrfqtodtlckntnnupjxx/Build/Intermediates.noindex/Tribeboard.build/Debug-iphonesimulator/Tribeboard.build/Objects-normal/arm64/Tribeboard.SwiftFileList

WriteAuxiliaryFile /Users/tafmawere/Library/Developer/Xcode/DerivedData/Tribeboard-hdigiwhflrfqtodtlckntnnupjxx/Build/Intermediates.noindex/Tribeboard.build/Debug-iphonesimulator/Tribeboard.build/Objects-normal/arm64/Tribeboard.SwiftConstValuesFileList (in target 'Tribeboard' from project 'Tribeboard')
    cd /Users/tafmawere/Projects\ Kiro/Tribeboard_MVP/Tribeboard
    write-file /Users/tafmawere/Library/Developer/Xcode/DerivedData/Tribeboard-hdigiwhflrfqtodtlckntnnupjxx/Build/Intermediates.noindex/Tribeboard.build/Debug-iphonesimulator/Tribeboard.build/Objects-normal/arm64/Tribeboard.SwiftConstValuesFileList

WriteAuxiliaryFile /Users/tafmawere/Library/Developer/Xcode/DerivedData/Tribeboard-hdigiwhflrfqtodtlckntnnupjxx/Build/Intermediates.noindex/Tribeboard.build/Debug-iphonesimulator/Tribeboard.build/Objects-normal/arm64/Tribeboard.LinkFileList (in target 'Tribeboard' from project 'Tribeboard')
    cd /Users/tafmawere/Projects\ Kiro/Tribeboard_MVP/Tribeboard
    write-file /Users/tafmawere/Library/Developer/Xcode/DerivedData/Tribeboard-hdigiwhflrfqtodtlckntnnupjxx/Build/Intermediates.noindex/Tribeboard.build/Debug-iphonesimulator/Tribeboard.build/Objects-normal/arm64/Tribeboard.LinkFileList

WriteAuxiliaryFile /Users/tafmawere/Library/Developer/Xcode/DerivedData/Tribeboard-hdigiwhflrfqtodtlckntnnupjxx/Build/Intermediates.noindex/Tribeboard.build/Debug-iphonesimulator/Tribeboard.build/Objects-normal/arm64/Tribeboard-OutputFileMap.json (in target 'Tribeboard' from project 'Tribeboard')
    cd /Users/tafmawere/Projects\ Kiro/Tribeboard_MVP/Tribeboard
    write-file /Users/tafmawere/Library/Developer/Xcode/DerivedData/Tribeboard-hdigiwhflrfqtodtlckntnnupjxx/Build/Intermediates.noindex/Tribeboard.build/Debug-iphonesimulator/Tribeboard.build/Objects-normal/arm64/Tribeboard-OutputFileMap.json

MkDir /Users/tafmawere/Library/Developer/Xcode/DerivedData/Tribeboard-hdigiwhflrfqtodtlckntnnupjxx/Build/Products/Debug-iphonesimulator/Tribeboard.app/Frameworks (in target 'Tribeboard' from project 'Tribeboard')
    cd /Users/tafmawere/Projects\ Kiro/Tribeboard_MVP/Tribeboard
    /bin/mkdir -p /Users/tafmawere/Library/Developer/Xcode/DerivedData/Tribeboard-hdigiwhflrfqtodtlckntnnupjxx/Build/Products/Debug-iphonesimulator/Tribeboard.app/Frameworks

MkDir /Users/tafmawere/Library/Developer/Xcode/DerivedData/Tribeboard-hdigiwhflrfqtodtlckntnnupjxx/Build/Products/Debug-iphonesimulator/Tribeboard.app/PlugIns (in target 'Tribeboard' from project 'Tribeboard')
    cd /Users/tafmawere/Projects\ Kiro/Tribeboard_MVP/Tribeboard
    /bin/mkdir -p /Users/tafmawere/Library/Developer/Xcode/DerivedData/Tribeboard-hdigiwhflrfqtodtlckntnnupjxx/Build/Products/Debug-iphonesimulator/Tribeboard.app/PlugIns

ProcessProductPackaging /Users/tafmawere/Projects\ Kiro/Tribeboard_MVP/Tribeboard/Tribeboard/Tribeboard.entitlements /Users/tafmawere/Library/Developer/Xcode/DerivedData/Tribeboard-hdigiwhflrfqtodtlckntnnupjxx/Build/Intermediates.noindex/Tribeboard.build/Debug-iphonesimulator/Tribeboard.build/Tribeboard.app.xcent (in target 'Tribeboard' from project 'Tribeboard')
    cd /Users/tafmawere/Projects\ Kiro/Tribeboard_MVP/Tribeboard
    
    Entitlements:
    
    {
}
    
    builtin-productPackagingUtility /Users/tafmawere/Projects\ Kiro/Tribeboard_MVP/Tribeboard/Tribeboard/Tribeboard.entitlements -entitlements -format xml -o /Users/tafmawere/Library/Developer/Xcode/DerivedData/Tribeboard-hdigiwhflrfqtodtlckntnnupjxx/Build/Intermediates.noindex/Tribeboard.build/Debug-iphonesimulator/Tribeboard.build/Tribeboard.app.xcent

ProcessProductPackaging /Users/tafmawere/Projects\ Kiro/Tribeboard_MVP/Tribeboard/Tribeboard/Tribeboard.entitlements /Users/tafmawere/Library/Developer/Xcode/DerivedData/Tribeboard-hdigiwhflrfqtodtlckntnnupjxx/Build/Intermediates.noindex/Tribeboard.build/Debug-iphonesimulator/Tribeboard.build/Tribeboard.app-Simulated.xcent (in target 'Tribeboard' from project 'Tribeboard')
    cd /Users/tafmawere/Projects\ Kiro/Tribeboard_MVP/Tribeboard
    
    Entitlements:
    
    {
    "application-identifier" = "NDM2BK8S8H.net.dataenvy.tribeboard";
    "aps-environment" = development;
    "com.apple.developer.icloud-container-identifiers" =     (
    );
    "com.apple.developer.icloud-services" =     (
        CloudKit
    );
}
    
    builtin-productPackagingUtility /Users/tafmawere/Projects\ Kiro/Tribeboard_MVP/Tribeboard/Tribeboard/Tribeboard.entitlements -entitlements -format xml -o /Users/tafmawere/Library/Developer/Xcode/DerivedData/Tribeboard-hdigiwhflrfqtodtlckntnnupjxx/Build/Intermediates.noindex/Tribeboard.build/Debug-iphonesimulator/Tribeboard.build/Tribeboard.app-Simulated.xcent

ProcessProductPackagingDER /Users/tafmawere/Library/Developer/Xcode/DerivedData/Tribeboard-hdigiwhflrfqtodtlckntnnupjxx/Build/Intermediates.noindex/Tribeboard.build/Debug-iphonesimulator/Tribeboard.build/Tribeboard.app.xcent /Users/tafmawere/Library/Developer/Xcode/DerivedData/Tribeboard-hdigiwhflrfqtodtlckntnnupjxx/Build/Intermediates.noindex/Tribeboard.build/Debug-iphonesimulator/Tribeboard.build/Tribeboard.app.xcent.der (in target 'Tribeboard' from project 'Tribeboard')
    cd /Users/tafmawere/Projects\ Kiro/Tribeboard_MVP/Tribeboard
    /usr/bin/derq query -f xml -i /Users/tafmawere/Library/Developer/Xcode/DerivedData/Tribeboard-hdigiwhflrfqtodtlckntnnupjxx/Build/Intermediates.noindex/Tribeboard.build/Debug-iphonesimulator/Tribeboard.build/Tribeboard.app.xcent -o /Users/tafmawere/Library/Developer/Xcode/DerivedData/Tribeboard-hdigiwhflrfqtodtlckntnnupjxx/Build/Intermediates.noindex/Tribeboard.build/Debug-iphonesimulator/Tribeboard.build/Tribeboard.app.xcent.der --raw

ProcessProductPackagingDER /Users/tafmawere/Library/Developer/Xcode/DerivedData/Tribeboard-hdigiwhflrfqtodtlckntnnupjxx/Build/Intermediates.noindex/Tribeboard.build/Debug-iphonesimulator/Tribeboard.build/Tribeboard.app-Simulated.xcent /Users/tafmawere/Library/Developer/Xcode/DerivedData/Tribeboard-hdigiwhflrfqtodtlckntnnupjxx/Build/Intermediates.noindex/Tribeboard.build/Debug-iphonesimulator/Tribeboard.build/Tribeboard.app-Simulated.xcent.der (in target 'Tribeboard' from project 'Tribeboard')
    cd /Users/tafmawere/Projects\ Kiro/Tribeboard_MVP/Tribeboard
    /usr/bin/derq query -f xml -i /Users/tafmawere/Library/Developer/Xcode/DerivedData/Tribeboard-hdigiwhflrfqtodtlckntnnupjxx/Build/Intermediates.noindex/Tribeboard.build/Debug-iphonesimulator/Tribeboard.build/Tribeboard.app-Simulated.xcent -o /Users/tafmawere/Library/Developer/Xcode/DerivedData/Tribeboard-hdigiwhflrfqtodtlckntnnupjxx/Build/Intermediates.noindex/Tribeboard.build/Debug-iphonesimulator/Tribeboard.build/Tribeboard.app-Simulated.xcent.der --raw

Ld /Users/tafmawere/Library/Developer/Xcode/DerivedData/Tribeboard-hdigiwhflrfqtodtlckntnnupjxx/Build/Products/Debug-iphonesimulator/Tribeboard.app/__preview.dylib normal (in target 'Tribeboard' from project 'Tribeboard')
    cd /Users/tafmawere/Projects\ Kiro/Tribeboard_MVP/Tribeboard
    /Applications/Xcode.app/Contents/Developer/Toolchains/XcodeDefault.xctoolchain/usr/bin/clang -Xlinker -reproducible -target arm64-apple-ios18.6-simulator -dynamiclib -isysroot /Applications/Xcode.app/Contents/Developer/Platforms/iPhoneSimulator.platform/Developer/SDKs/iPhoneSimulator26.2.sdk -O0 -L/Users/tafmawere/Library/Developer/Xcode/DerivedData/Tribeboard-hdigiwhflrfqtodtlckntnnupjxx/Build/Products/Debug-iphonesimulator -F/Users/tafmawere/Library/Developer/Xcode/DerivedData/Tribeboard-hdigiwhflrfqtodtlckntnnupjxx/Build/Products/Debug-iphonesimulator -install_name @rpath/Tribeboard.debug.dylib -dead_strip -rdynamic -Xlinker -no_deduplicate -Xlinker -objc_abi_version -Xlinker 2 -Xlinker -debug_variant -Xlinker -dependency_info -Xlinker /Users/tafmawere/Library/Developer/Xcode/DerivedData/Tribeboard-hdigiwhflrfqtodtlckntnnupjxx/Build/Intermediates.noindex/Tribeboard.build/Debug-iphonesimulator/Tribeboard.build/Objects-normal/arm64/Tribeboard_dependency_info.dat -Xlinker -sectcreate -Xlinker __TEXT -Xlinker __entitlements -Xlinker /Users/tafmawere/Library/Developer/Xcode/DerivedData/Tribeboard-hdigiwhflrfqtodtlckntnnupjxx/Build/Intermediates.noindex/Tribeboard.build/Debug-iphonesimulator/Tribeboard.build/Tribeboard.app-Simulated.xcent -Xlinker -sectcreate -Xlinker __TEXT -Xlinker __ents_der -Xlinker /Users/tafmawere/Library/Developer/Xcode/DerivedData/Tribeboard-hdigiwhflrfqtodtlckntnnupjxx/Build/Intermediates.noindex/Tribeboard.build/Debug-iphonesimulator/Tribeboard.build/Tribeboard.app-Simulated.xcent.der -Xlinker -no_adhoc_codesign -o /Users/tafmawere/Library/Developer/Xcode/DerivedData/Tribeboard-hdigiwhflrfqtodtlckntnnupjxx/Build/Products/Debug-iphonesimulator/Tribeboard.app/__preview.dylib

Copy /Users/tafmawere/Library/Developer/Xcode/DerivedData/Tribeboard-hdigiwhflrfqtodtlckntnnupjxx/Build/Products/Debug-iphonesimulator/Tribeboard.app/Frameworks/libXCTestBundleInject.dylib /Applications/Xcode.app/Contents/Developer/Platforms/iPhoneSimulator.platform/Developer/usr/lib/libXCTestBundleInject.dylib (in target 'Tribeboard' from project 'Tribeboard')
    cd /Users/tafmawere/Projects\ Kiro/Tribeboard_MVP/Tribeboard
    builtin-copy -exclude .DS_Store -exclude CVS -exclude .svn -exclude .git -exclude .hg -exclude Headers -exclude PrivateHeaders -exclude Modules -exclude \*.tbd -resolve-src-symlinks /Applications/Xcode.app/Contents/Developer/Platforms/iPhoneSimulator.platform/Developer/usr/lib/libXCTestBundleInject.dylib /Users/tafmawere/Library/Developer/Xcode/DerivedData/Tribeboard-hdigiwhflrfqtodtlckntnnupjxx/Build/Products/Debug-iphonesimulator/Tribeboard.app/Frameworks

Copy /Users/tafmawere/Library/Developer/Xcode/DerivedData/Tribeboard-hdigiwhflrfqtodtlckntnnupjxx/Build/Products/Debug-iphonesimulator/Tribeboard.app/Frameworks/libXCTestSwiftSupport.dylib /Applications/Xcode.app/Contents/Developer/Platforms/iPhoneSimulator.platform/Developer/usr/lib/libXCTestSwiftSupport.dylib (in target 'Tribeboard' from project 'Tribeboard')
    cd /Users/tafmawere/Projects\ Kiro/Tribeboard_MVP/Tribeboard
    builtin-copy -exclude .DS_Store -exclude CVS -exclude .svn -exclude .git -exclude .hg -exclude Headers -exclude PrivateHeaders -exclude Modules -exclude \*.tbd -resolve-src-symlinks /Applications/Xcode.app/Contents/Developer/Platforms/iPhoneSimulator.platform/Developer/usr/lib/libXCTestSwiftSupport.dylib /Users/tafmawere/Library/Developer/Xcode/DerivedData/Tribeboard-hdigiwhflrfqtodtlckntnnupjxx/Build/Products/Debug-iphonesimulator/Tribeboard.app/Frameworks

Copy /Users/tafmawere/Library/Developer/Xcode/DerivedData/Tribeboard-hdigiwhflrfqtodtlckntnnupjxx/Build/Products/Debug-iphonesimulator/Tribeboard.app/Frameworks/XCUnit.framework /Applications/Xcode.app/Contents/Developer/Platforms/iPhoneSimulator.platform/Developer/Library/PrivateFrameworks/XCUnit.framework (in target 'Tribeboard' from project 'Tribeboard')
    cd /Users/tafmawere/Projects\ Kiro/Tribeboard_MVP/Tribeboard
    builtin-copy -exclude .DS_Store -exclude CVS -exclude .svn -exclude .git -exclude .hg -exclude Headers -exclude PrivateHeaders -exclude Modules -exclude \*.tbd -resolve-src-symlinks /Applications/Xcode.app/Contents/Developer/Platforms/iPhoneSimulator.platform/Developer/Library/PrivateFrameworks/XCUnit.framework /Users/tafmawere/Library/Developer/Xcode/DerivedData/Tribeboard-hdigiwhflrfqtodtlckntnnupjxx/Build/Products/Debug-iphonesimulator/Tribeboard.app/Frameworks

Copy /Users/tafmawere/Library/Developer/Xcode/DerivedData/Tribeboard-hdigiwhflrfqtodtlckntnnupjxx/Build/Products/Debug-iphonesimulator/Tribeboard.app/Frameworks/XCUIAutomation.framework /Applications/Xcode.app/Contents/Developer/Platforms/iPhoneSimulator.platform/Developer/Library/Frameworks/XCUIAutomation.framework (in target 'Tribeboard' from project 'Tribeboard')
    cd /Users/tafmawere/Projects\ Kiro/Tribeboard_MVP/Tribeboard
    builtin-copy -exclude .DS_Store -exclude CVS -exclude .svn -exclude .git -exclude .hg -exclude Headers -exclude PrivateHeaders -exclude Modules -exclude \*.tbd -resolve-src-symlinks /Applications/Xcode.app/Contents/Developer/Platforms/iPhoneSimulator.platform/Developer/Library/Frameworks/XCUIAutomation.framework /Users/tafmawere/Library/Developer/Xcode/DerivedData/Tribeboard-hdigiwhflrfqtodtlckntnnupjxx/Build/Products/Debug-iphonesimulator/Tribeboard.app/Frameworks

Copy /Users/tafmawere/Library/Developer/Xcode/DerivedData/Tribeboard-hdigiwhflrfqtodtlckntnnupjxx/Build/Products/Debug-iphonesimulator/Tribeboard.app/Frameworks/XCTestSupport.framework /Applications/Xcode.app/Contents/Developer/Platforms/iPhoneSimulator.platform/Developer/Library/PrivateFrameworks/XCTestSupport.framework (in target 'Tribeboard' from project 'Tribeboard')
    cd /Users/tafmawere/Projects\ Kiro/Tribeboard_MVP/Tribeboard
    builtin-copy -exclude .DS_Store -exclude CVS -exclude .svn -exclude .git -exclude .hg -exclude Headers -exclude PrivateHeaders -exclude Modules -exclude \*.tbd -resolve-src-symlinks /Applications/Xcode.app/Contents/Developer/Platforms/iPhoneSimulator.platform/Developer/Library/PrivateFrameworks/XCTestSupport.framework /Users/tafmawere/Library/Developer/Xcode/DerivedData/Tribeboard-hdigiwhflrfqtodtlckntnnupjxx/Build/Products/Debug-iphonesimulator/Tribeboard.app/Frameworks

Copy /Users/tafmawere/Library/Developer/Xcode/DerivedData/Tribeboard-hdigiwhflrfqtodtlckntnnupjxx/Build/Products/Debug-iphonesimulator/Tribeboard.app/Frameworks/XCTestCore.framework /Applications/Xcode.app/Contents/Developer/Platforms/iPhoneSimulator.platform/Developer/Library/PrivateFrameworks/XCTestCore.framework (in target 'Tribeboard' from project 'Tribeboard')
    cd /Users/tafmawere/Projects\ Kiro/Tribeboard_MVP/Tribeboard
    builtin-copy -exclude .DS_Store -exclude CVS -exclude .svn -exclude .git -exclude .hg -exclude Headers -exclude PrivateHeaders -exclude Modules -exclude \*.tbd -resolve-src-symlinks /Applications/Xcode.app/Contents/Developer/Platforms/iPhoneSimulator.platform/Developer/Library/PrivateFrameworks/XCTestCore.framework /Users/tafmawere/Library/Developer/Xcode/DerivedData/Tribeboard-hdigiwhflrfqtodtlckntnnupjxx/Build/Products/Debug-iphonesimulator/Tribeboard.app/Frameworks

Copy /Users/tafmawere/Library/Developer/Xcode/DerivedData/Tribeboard-hdigiwhflrfqtodtlckntnnupjxx/Build/Products/Debug-iphonesimulator/Tribeboard.app/Frameworks/XCTest.framework /Applications/Xcode.app/Contents/Developer/Platforms/iPhoneSimulator.platform/Developer/Library/Frameworks/XCTest.framework (in target 'Tribeboard' from project 'Tribeboard')
    cd /Users/tafmawere/Projects\ Kiro/Tribeboard_MVP/Tribeboard
    builtin-copy -exclude .DS_Store -exclude CVS -exclude .svn -exclude .git -exclude .hg -exclude Headers -exclude PrivateHeaders -exclude Modules -exclude \*.tbd -resolve-src-symlinks /Applications/Xcode.app/Contents/Developer/Platforms/iPhoneSimulator.platform/Developer/Library/Frameworks/XCTest.framework /Users/tafmawere/Library/Developer/Xcode/DerivedData/Tribeboard-hdigiwhflrfqtodtlckntnnupjxx/Build/Products/Debug-iphonesimulator/Tribeboard.app/Frameworks

Copy /Users/tafmawere/Library/Developer/Xcode/DerivedData/Tribeboard-hdigiwhflrfqtodtlckntnnupjxx/Build/Products/Debug-iphonesimulator/Tribeboard.app/Frameworks/XCTAutomationSupport.framework /Applications/Xcode.app/Contents/Developer/Platforms/iPhoneSimulator.platform/Developer/Library/PrivateFrameworks/XCTAutomationSupport.framework (in target 'Tribeboard' from project 'Tribeboard')
    cd /Users/tafmawere/Projects\ Kiro/Tribeboard_MVP/Tribeboard
    builtin-copy -exclude .DS_Store -exclude CVS -exclude .svn -exclude .git -exclude .hg -exclude Headers -exclude PrivateHeaders -exclude Modules -exclude \*.tbd -resolve-src-symlinks /Applications/Xcode.app/Contents/Developer/Platforms/iPhoneSimulator.platform/Developer/Library/PrivateFrameworks/XCTAutomationSupport.framework /Users/tafmawere/Library/Developer/Xcode/DerivedData/Tribeboard-hdigiwhflrfqtodtlckntnnupjxx/Build/Products/Debug-iphonesimulator/Tribeboard.app/Frameworks

Copy /Users/tafmawere/Library/Developer/Xcode/DerivedData/Tribeboard-hdigiwhflrfqtodtlckntnnupjxx/Build/Products/Debug-iphonesimulator/Tribeboard.app/Frameworks/Testing.framework /Applications/Xcode.app/Contents/Developer/Platforms/iPhoneSimulator.platform/Developer/Library/Frameworks/Testing.framework (in target 'Tribeboard' from project 'Tribeboard')
    cd /Users/tafmawere/Projects\ Kiro/Tribeboard_MVP/Tribeboard
    builtin-copy -exclude .DS_Store -exclude CVS -exclude .svn -exclude .git -exclude .hg -exclude Headers -exclude PrivateHeaders -exclude Modules -exclude \*.tbd -resolve-src-symlinks /Applications/Xcode.app/Contents/Developer/Platforms/iPhoneSimulator.platform/Developer/Library/Frameworks/Testing.framework /Users/tafmawere/Library/Developer/Xcode/DerivedData/Tribeboard-hdigiwhflrfqtodtlckntnnupjxx/Build/Products/Debug-iphonesimulator/Tribeboard.app/Frameworks

CompileAssetCatalogVariant thinned /Users/tafmawere/Library/Developer/Xcode/DerivedData/Tribeboard-hdigiwhflrfqtodtlckntnnupjxx/Build/Products/Debug-iphonesimulator/Tribeboard.app /Users/tafmawere/Projects\ Kiro/Tribeboard_MVP/Tribeboard/Tribeboard/Assets.xcassets (in target 'Tribeboard' from project 'Tribeboard')
    cd /Users/tafmawere/Projects\ Kiro/Tribeboard_MVP/Tribeboard
    /Applications/Xcode.app/Contents/Developer/usr/bin/actool /Users/tafmawere/Projects\ Kiro/Tribeboard_MVP/Tribeboard/Tribeboard/Assets.xcassets --compile /Users/tafmawere/Library/Developer/Xcode/DerivedData/Tribeboard-hdigiwhflrfqtodtlckntnnupjxx/Build/Intermediates.noindex/Tribeboard.build/Debug-iphonesimulator/Tribeboard.build/assetcatalog_output/thinned --output-format human-readable-text --notices --warnings --export-dependency-info /Users/tafmawere/Library/Developer/Xcode/DerivedData/Tribeboard-hdigiwhflrfqtodtlckntnnupjxx/Build/Intermediates.noindex/Tribeboard.build/Debug-iphonesimulator/Tribeboard.build/assetcatalog_dependencies_thinned --output-partial-info-plist /Users/tafmawere/Library/Developer/Xcode/DerivedData/Tribeboard-hdigiwhflrfqtodtlckntnnupjxx/Build/Intermediates.noindex/Tribeboard.build/Debug-iphonesimulator/Tribeboard.build/assetcatalog_generated_info.plist_thinned --app-icon AppIcon --accent-color AccentColor --compress-pngs --enable-on-demand-resources YES --filter-for-thinning-device-configuration iPhone17,5 --filter-for-device-os-version 26.2 --development-region en --target-device iphone --target-device ipad --minimum-deployment-target 18.6 --platform iphonesimulator

SwiftDriver Tribeboard normal arm64 com.apple.xcode.tools.swift.compiler (in target 'Tribeboard' from project 'Tribeboard')
    cd /Users/tafmawere/Projects\ Kiro/Tribeboard_MVP/Tribeboard
    builtin-SwiftDriver -- /Applications/Xcode.app/Contents/Developer/Toolchains/XcodeDefault.xctoolchain/usr/bin/swiftc -module-name Tribeboard -Onone -enforce-exclusivity\=checked @/Users/tafmawere/Library/Developer/Xcode/DerivedData/Tribeboard-hdigiwhflrfqtodtlckntnnupjxx/Build/Intermediates.noindex/Tribeboard.build/Debug-iphonesimulator/Tribeboard.build/Objects-normal/arm64/Tribeboard.SwiftFileList -DDEBUG -default-isolation\=MainActor -enable-bare-slash-regex -enable-upcoming-feature DisableOutwardActorInference -enable-upcoming-feature InferSendableFromCaptures -enable-upcoming-feature GlobalActorIsolatedTypesUsability -enable-upcoming-feature MemberImportVisibility -enable-upcoming-feature InferIsolatedConformances -enable-upcoming-feature NonisolatedNonsendingByDefault -enable-experimental-feature DebugDescriptionMacro -sdk /Applications/Xcode.app/Contents/Developer/Platforms/iPhoneSimulator.platform/Developer/SDKs/iPhoneSimulator26.2.sdk -target arm64-apple-ios18.6-simulator -g -module-cache-path /Users/tafmawere/Library/Developer/Xcode/DerivedData/ModuleCache.noindex -Xfrontend -serialize-debugging-options -profile-coverage-mapping -profile-generate -enable-testing -index-store-path /Users/tafmawere/Library/Developer/Xcode/DerivedData/Tribeboard-hdigiwhflrfqtodtlckntnnupjxx/Index.noindex/DataStore -Xcc -D_LIBCPP_HARDENING_MODE\=_LIBCPP_HARDENING_MODE_DEBUG -swift-version 5 -I /Users/tafmawere/Library/Developer/Xcode/DerivedData/Tribeboard-hdigiwhflrfqtodtlckntnnupjxx/Build/Products/Debug-iphonesimulator -F /Users/tafmawere/Library/Developer/Xcode/DerivedData/Tribeboard-hdigiwhflrfqtodtlckntnnupjxx/Build/Products/Debug-iphonesimulator -emit-localized-strings -emit-localized-strings-path /Users/tafmawere/Library/Developer/Xcode/DerivedData/Tribeboard-hdigiwhflrfqtodtlckntnnupjxx/Build/Intermediates.noindex/Tribeboard.build/Debug-iphonesimulator/Tribeboard.build/Objects-normal/arm64 -c -j12 -enable-batch-mode -incremental -Xcc -ivfsstatcache -Xcc /Users/tafmawere/Library/Developer/Xcode/DerivedData/SDKStatCaches.noindex/iphonesimulator26.2-23C53-7d00a8b37fbd7999ea79df8ebc024bf0.sdkstatcache -output-file-map /Users/tafmawere/Library/Developer/Xcode/DerivedData/Tribeboard-hdigiwhflrfqtodtlckntnnupjxx/Build/Intermediates.noindex/Tribeboard.build/Debug-iphonesimulator/Tribeboard.build/Objects-normal/arm64/Tribeboard-OutputFileMap.json -use-frontend-parseable-output -save-temps -no-color-diagnostics -explicit-module-build -module-cache-path /Users/tafmawere/Library/Developer/Xcode/DerivedData/Tribeboard-hdigiwhflrfqtodtlckntnnupjxx/Build/Intermediates.noindex/SwiftExplicitPrecompiledModules -clang-scanner-module-cache-path /Users/tafmawere/Library/Developer/Xcode/DerivedData/ModuleCache.noindex -sdk-module-cache-path /Users/tafmawere/Library/Developer/Xcode/DerivedData/ModuleCache.noindex -serialize-diagnostics -emit-dependencies -emit-module -emit-module-path /Users/tafmawere/Library/Developer/Xcode/DerivedData/Tribeboard-hdigiwhflrfqtodtlckntnnupjxx/Build/Intermediates.noindex/Tribeboard.build/Debug-iphonesimulator/Tribeboard.build/Objects-normal/arm64/Tribeboard.swiftmodule -validate-clang-modules-once -clang-build-session-file /Users/tafmawere/Library/Developer/Xcode/DerivedData/ModuleCache.noindex/Session.modulevalidation -Xcc -I/Users/tafmawere/Library/Developer/Xcode/DerivedData/Tribeboard-hdigiwhflrfqtodtlckntnnupjxx/Build/Intermediates.noindex/Tribeboard.build/Debug-iphonesimulator/Tribeboard.build/swift-overrides.hmap -emit-const-values -Xfrontend -const-gather-protocols-file -Xfrontend /Users/tafmawere/Library/Developer/Xcode/DerivedData/Tribeboard-hdigiwhflrfqtodtlckntnnupjxx/Build/Intermediates.noindex/Tribeboard.build/Debug-iphonesimulator/Tribeboard.build/Objects-normal/arm64/Tribeboard_const_extract_protocols.json -Xcc -iquote -Xcc /Users/tafmawere/Library/Developer/Xcode/DerivedData/Tribeboard-hdigiwhflrfqtodtlckntnnupjxx/Build/Intermediates.noindex/Tribeboard.build/Debug-iphonesimulator/Tribeboard.build/Tribeboard-generated-files.hmap -Xcc -I/Users/tafmawere/Library/Developer/Xcode/DerivedData/Tribeboard-hdigiwhflrfqtodtlckntnnupjxx/Build/Intermediates.noindex/Tribeboard.build/Debug-iphonesimulator/Tribeboard.build/Tribeboard-own-target-headers.hmap -Xcc -I/Users/tafmawere/Library/Developer/Xcode/DerivedData/Tribeboard-hdigiwhflrfqtodtlckntnnupjxx/Build/Intermediates.noindex/Tribeboard.build/Debug-iphonesimulator/Tribeboard.build/Tribeboard-all-target-headers.hmap -Xcc -iquote -Xcc /Users/tafmawere/Library/Developer/Xcode/DerivedData/Tribeboard-hdigiwhflrfqtodtlckntnnupjxx/Build/Intermediates.noindex/Tribeboard.build/Debug-iphonesimulator/Tribeboard.build/Tribeboard-project-headers.hmap -Xcc -I/Users/tafmawere/Library/Developer/Xcode/DerivedData/Tribeboard-hdigiwhflrfqtodtlckntnnupjxx/Build/Products/Debug-iphonesimulator/include -Xcc -I/Users/tafmawere/Library/Developer/Xcode/DerivedData/Tribeboard-hdigiwhflrfqtodtlckntnnupjxx/Build/Intermediates.noindex/Tribeboard.build/Debug-iphonesimulator/Tribeboard.build/DerivedSources-normal/arm64 -Xcc -I/Users/tafmawere/Library/Developer/Xcode/DerivedData/Tribeboard-hdigiwhflrfqtodtlckntnnupjxx/Build/Intermediates.noindex/Tribeboard.build/Debug-iphonesimulator/Tribeboard.build/DerivedSources/arm64 -Xcc -I/Users/tafmawere/Library/Developer/Xcode/DerivedData/Tribeboard-hdigiwhflrfqtodtlckntnnupjxx/Build/Intermediates.noindex/Tribeboard.build/Debug-iphonesimulator/Tribeboard.build/DerivedSources -Xcc -DDEBUG\=1 -emit-objc-header -emit-objc-header-path /Users/tafmawere/Library/Developer/Xcode/DerivedData/Tribeboard-hdigiwhflrfqtodtlckntnnupjxx/Build/Intermediates.noindex/Tribeboard.build/Debug-iphonesimulator/Tribeboard.build/Objects-normal/arm64/Tribeboard-Swift.h -working-directory /Users/tafmawere/Projects\ Kiro/Tribeboard_MVP/Tribeboard -experimental-emit-module-separately -disable-cmo

SwiftEmitModule normal arm64 Emitting\ module\ for\ Tribeboard (in target 'Tribeboard' from project 'Tribeboard')
EmitSwiftModule normal arm64 (in target 'Tribeboard' from project 'Tribeboard')
    cd /Users/tafmawere/Projects\ Kiro/Tribeboard_MVP/Tribeboard
    

SwiftCompile normal arm64 Compiling\ CompactRunCard.swift /Users/tafmawere/Projects\ Kiro/Tribeboard_MVP/Tribeboard/Tribeboard/Views/Components/CompactRunCard.swift (in target 'Tribeboard' from project 'Tribeboard')
SwiftCompile normal arm64 /Users/tafmawere/Projects\ Kiro/Tribeboard_MVP/Tribeboard/Tribeboard/Views/Components/CompactRunCard.swift (in target 'Tribeboard' from project 'Tribeboard')
    cd /Users/tafmawere/Projects\ Kiro/Tribeboard_MVP/Tribeboard
    

SwiftCompile normal arm64 Compiling\ FloatingCreateButton.swift /Users/tafmawere/Projects\ Kiro/Tribeboard_MVP/Tribeboard/Tribeboard/Views/Components/FloatingCreateButton.swift (in target 'Tribeboard' from project 'Tribeboard')

SwiftCompile normal arm64 /Users/tafmawere/Projects\ Kiro/Tribeboard_MVP/Tribeboard/Tribeboard/Views/Components/FloatingCreateButton.swift (in target 'Tribeboard' from project 'Tribeboard')
    cd /Users/tafmawere/Projects\ Kiro/Tribeboard_MVP/Tribeboard
    

SwiftCompile normal arm64 Compiling\ BottomNavigationBar.swift /Users/tafmawere/Projects\ Kiro/Tribeboard_MVP/Tribeboard/Tribeboard/Views/Components/BottomNavigationBar.swift (in target 'Tribeboard' from project 'Tribeboard')
Failed frontend command:
/Applications/Xcode.app/Contents/Developer/Toolchains/XcodeDefault.xctoolchain/usr/bin/swift-frontend -frontend -c /Users/tafmawere/Projects\ Kiro/Tribeboard_MVP/Tribeboard/Tribeboard/Coordinators/AppCoordinator.swift /Users/tafmawere/Projects\ Kiro/Tribeboard_MVP/Tribeboard/Tribeboard/Models/FamilyMemberDisplay.swift /Users/tafmawere/Projects\ Kiro/Tribeboard_MVP/Tribeboard/Tribeboard/Models/FamilyRole.swift /Users/tafmawere/Projects\ Kiro/Tribeboard_MVP/Tribeboard/Tribeboard/Models/Run.swift /Users/tafmawere/Projects\ Kiro/Tribeboard_MVP/Tribeboard/Tribeboard/Models/RunEvent.swift /Users/tafmawere/Projects\ Kiro/Tribeboard_MVP/Tribeboard/Tribeboard/Services/Scheduling/RunMaterializer.swift /Users/tafmawere/Projects\ Kiro/Tribeboard_MVP/Tribeboard/Tribeboard/Services/Scheduling/RunSchedule.swift /Users/tafmawere/Projects\ Kiro/Tribeboard_MVP/Tribeboard/Tribeboard/Services/Scheduling/ScheduleRunGenerator.swift /Users/tafmawere/Projects\ Kiro/Tribeboard_MVP/Tribeboard/Tribeboard/Services/Scheduling/ScheduleStore.swift /Users/tafmawere/Projects\ Kiro/Tribeboard_MVP/Tribeboard/Tribeboard/Services/AdminNotificationService.swift /Users/tafmawere/Projects\ Kiro/Tribeboard_MVP/Tribeboard/Tribeboard/Services/AppLifecycleManager.swift /Users/tafmawere/Projects\ Kiro/Tribeboard_MVP/Tribeboard/Tribeboard/Services/CacheManagementService.swift /Users/tafmawere/Projects\ Kiro/Tribeboard_MVP/Tribeboard/Tribeboard/Services/CoreDataService.swift /Users/tafmawere/Projects\ Kiro/Tribeboard_MVP/Tribeboard/Tribeboard/Services/DebugAssertions.swift /Users/tafmawere/Projects\ Kiro/Tribeboard_MVP/Tribeboard/Tribeboard/Services/DebugStateManager.swift /Users/tafmawere/Projects\ Kiro/Tribeboard_MVP/Tribeboard/Tribeboard/Services/DelayNotificationService.swift /Users/tafmawere/Projects\ Kiro/Tribeboard_MVP/Tribeboard/Tribeboard/Services/DemoRunPlaybackController.swift /Users/tafmawere/Projects\ Kiro/Tribeboard_MVP/Tribeboard/Tribeboard/Services/DemoSeedDataService.swift /Users/tafmawere/Projects\ Kiro/Tribeboard_MVP/Tribeboard/Tribeboard/Services/DependencyContainer.swift /Users/tafmawere/Projects\ Kiro/Tribeboard_MVP/Tribeboard/Tribeboard/Services/DynamicRoleUpdateService.swift /Users/tafmawere/Projects\ Kiro/Tribeboard_MVP/Tribeboard/Tribeboard/Services/ErrorHandlingCoordinator.swift /Users/tafmawere/Projects\ Kiro/Tribeboard_MVP/Tribeboard/Tribeboard/Services/ErrorHandlingService.swift /Users/tafmawere/Projects\ Kiro/Tribeboard_MVP/Tribeboard/Tribeboard/Services/ErrorLoggingIntegration.swift /Users/tafmawere/Projects\ Kiro/Tribeboard_MVP/Tribeboard/Tribeboard/Services/ErrorRecoveryService.swift /Users/tafmawere/Projects\ Kiro/Tribeboard_MVP/Tribeboard/Tribeboard/Services/LocationService.swift /Users/tafmawere/Projects\ Kiro/Tribeboard_MVP/Tribeboard/Tribeboard/Services/MockFirebaseService.swift /Users/tafmawere/Projects\ Kiro/Tribeboard_MVP/Tribeboard/Tribeboard/Services/OfflineSyncService.swift /Users/tafmawere/Projects\ Kiro/Tribeboard_MVP/Tribeboard/Tribeboard/Services/PrivacyPreservingLogger.swift /Users/tafmawere/Projects\ Kiro/Tribeboard_MVP/Tribeboard/Tribeboard/Services/RoleBasedDataFilter.swift /Users/tafmawere/Projects\ Kiro/Tribeboard_MVP/Tribeboard/Tribeboard/Services/RoleManagementService.swift /Users/tafmawere/Projects\ Kiro/Tribeboard_MVP/Tribeboard/Tribeboard/Services/RunEventService.swift /Users/tafmawere/Projects\ Kiro/Tribeboard_MVP/Tribeboard/Tribeboard/Services/RunStateMachine.swift /Users/tafmawere/Projects\ Kiro/Tribeboard_MVP/Tribeboard/Tribeboard/Services/SynchronizationCoordinator.swift /Users/tafmawere/Projects\ Kiro/Tribeboard_MVP/Tribeboard/Tribeboard/ViewModels/Family/FamilyViewModel.swift /Users/tafmawere/Projects\ Kiro/Tribeboard_MVP/Tribeboard/Tribeboard/ViewModels/ActivityStreamViewModel.swift /Users/tafmawere/Projects\ Kiro/Tribeboard_MVP/Tribeboard/Tribeboard/ViewModels/DriverFocusModeViewModel.swift /Users/tafmawere/Projects\ Kiro/Tribeboard_MVP/Tribeboard/Tribeboard/ViewModels/HomeDashboardViewModel.swift /Users/tafmawere/Projects\ Kiro/Tribeboard_MVP/Tribeboard/Tribeboard/ViewModels/ObserverTrackingViewModel.swift /Users/tafmawere/Projects\ Kiro/Tribeboard_MVP/Tribeboard/Tribeboard/ViewModels/RunCreationViewModel.swift /Users/tafmawere/Projects\ Kiro/Tribeboard_MVP/Tribeboard/Tribeboard/ViewModels/RunFocusViewModel.swift /Users/tafmawere/Projects\ Kiro/Tribeboard_MVP/Tribeboard/Tribeboard/ViewModels/ScreenContracts.swift /Users/tafmawere/Projects\ Kiro/Tribeboard_MVP/Tribeboard/Tribeboard/ViewModels/Step1MetadataViewModel.swift /Users/tafmawere/Projects\ Kiro/Tribeboard_MVP/Tribeboard/Tribeboard/ViewModels/Step2DriverViewModel.swift /Users/tafmawere/Projects\ Kiro/Tribeboard_MVP/Tribeboard/Tribeboard/ViewModels/Step3PassengerViewModel.swift /Users/tafmawere/Projects\ Kiro/Tribeboard_MVP/Tribeboard/Tribeboard/ViewModels/Step4StopsViewModel.swift /Users/tafmawere/Projects\ Kiro/Tribeboard_MVP/Tribeboard/Tribeboard/Views/Activity/ActivityPlaceholderView.swift /Users/tafmawere/Projects\ Kiro/Tribeboard_MVP/Tribeboard/Tribeboard/Views/Calendar/CalendarView.swift /Users/tafmawere/Projects\ Kiro/Tribeboard_MVP/Tribeboard/Tribeboard/Views/Calendar/DayScheduleListView.swift /Users/tafmawere/Projects\ Kiro/Tribeboard_MVP/Tribeboard/Tribeboard/Views/Calendar/ScheduleEditorView.swift -primary-file /Users/tafmawere/Projects\ Kiro/Tribeboard_MVP/Tribeboard/Tribeboard/Views/Components/BottomNavigationBar.swift /Users/tafmawere/Projects\ Kiro/Tribeboard_MVP/Tribeboard/Tribeboard/Views/Components/CompactRunCard.swift /Users/tafmawere/Projects\ Kiro/Tribeboard_MVP/Tribeboard/Tribeboard/Views/Components/DateAndStatusView.swift /Users/tafmawere/Projects\ Kiro/Tribeboard_MVP/Tribeboard/Tribeboard/Views/Components/FeaturedEventCard.swift /Users/tafmawere/Projects\ Kiro/Tribeboard_MVP/Tribeboard/Tribeboard/Views/Components/FloatingCreateButton.swift /Users/tafmawere/Projects\ Kiro/Tribeboard_MVP/Tribeboard/Tribeboard/Views/Components/ModernHeaderView.swift /Users/tafmawere/Projects\ Kiro/Tribeboard_MVP/Tribeboard/Tribeboard/Views/Components/ParticipantAvatarsView.swift /Users/tafmawere/Projects\ Kiro/Tribeboard_MVP/Tribeboard/Tribeboard/Views/Components/PermissionRow.swift /Users/tafmawere/Projects\ Kiro/Tribeboard_MVP/Tribeboard/Tribeboard/Views/Components/ProfileCard.swift /Users/tafmawere/Projects\ Kiro/Tribeboard_MVP/Tribeboard/Tribeboard/Views/Components/RoleBadge.swift /Users/tafmawere/Projects\ Kiro/Tribeboard_MVP/Tribeboard/Tribeboard/Views/Components/SectionHeader.swift /Users/tafmawere/Projects\ Kiro/Tribeboard_MVP/Tribeboard/Tribeboard/Views/Components/StatRow.swift /Users/tafmawere/Projects\ Kiro/Tribeboard_MVP/Tribeboard/Tribeboard/Views/Family/AddFamilyMemberView.swift /Users/tafmawere/Projects\ Kiro/Tribeboard_MVP/Tribeboard/Tribeboard/Views/Family/FamilySettingsView.swift /Users/tafmawere/Projects\ Kiro/Tribeboard_MVP/Tribeboard/Tribeboard/Views/Family/FamilyView.swift /Users/tafmawere/Projects\ Kiro/Tribeboard_MVP/Tribeboard/Tribeboard/Views/Family/MemberCardView.swift /Users/tafmawere/Projects\ Kiro/Tribeboard_MVP/Tribeboard/Tribeboard/Views/Family/MemberProfileView.swift /Users/tafmawere/Projects\ Kiro/Tribeboard_MVP/Tribeboard/Tribeboard/Views/Settings/SettingsPlaceholderView.swift /Users/tafmawere/Projects\ Kiro/Tribeboard_MVP/Tribeboard/Tribeboard/Views/Settings/SettingsView.swift /Users/tafmawere/Projects\ Kiro/Tribeboard_MVP/Tribeboard/Tribeboard/Views/ActivityStreamIntegrationExample.swift /Users/tafmawere/Projects\ Kiro/Tribeboard_MVP/Tribeboard/Tribeboard/Views/ActivityStreamView.swift /Users/tafmawere/Projects\ Kiro/Tribeboard_MVP/Tribeboard/Tribeboard/Views/AdminResolutionView.swift /Users/tafmawere/Projects\ Kiro/Tribeboard_MVP/Tribeboard/Tribeboard/Views/DebugOverlayView.swift /Users/tafmawere/Projects\ Kiro/Tribeboard_MVP/Tribeboard/Tribeboard/Views/DesignSystem.swift /Users/tafmawere/Projects\ Kiro/Tribeboard_MVP/Tribeboard/Tribeboard/Views/DriverFocusModeView.swift /Users/tafmawere/Projects\ Kiro/Tribeboard_MVP/Tribeboard/Tribeboard/Views/EmptyStateView.swift /Users/tafmawere/Projects\ Kiro/Tribeboard_MVP/Tribeboard/Tribeboard/Views/LaunchRootView.swift /Users/tafmawere/Projects\ Kiro/Tribeboard_MVP/Tribeboard/Tribeboard/Views/MainNavigationView.swift /Users/tafmawere/Projects\ Kiro/Tribeboard_MVP/Tribeboard/Tribeboard/Views/MyRunsView.swift /Users/tafmawere/Projects\ Kiro/Tribeboard_MVP/Tribeboard/Tribeboard/Views/ObserverTrackingView.swift /Users/tafmawere/Projects\ Kiro/Tribeboard_MVP/Tribeboard/Tribeboard/Views/RoleBasedViewModifier.swift /Users/tafmawere/Projects\ Kiro/Tribeboard_MVP/Tribeboard/Tribeboard/Views/RunCardView.swift /Users/tafmawere/Projects\ Kiro/Tribeboard_MVP/Tribeboard/Tribeboard/Views/RunCompletionSummaryView.swift /Users/tafmawere/Projects\ Kiro/Tribeboard_MVP/Tribeboard/Tribeboard/Views/RunFocusView.swift /Users/tafmawere/Projects\ Kiro/Tribeboard_MVP/Tribeboard/Tribeboard/Views/RunScheduledConfirmationView.swift /Users/tafmawere/Projects\ Kiro/Tribeboard_MVP/Tribeboard/Tribeboard/AppConfig.swift /Users/tafmawere/Projects\ Kiro/Tribeboard_MVP/Tribeboard/Tribeboard/ContentView.swift /Users/tafmawere/Projects\ Kiro/Tribeboard_MVP/Tribeboard/Tribeboard/Persistence.swift /Users/tafmawere/Projects\ Kiro/Tribeboard_MVP/Tribeboard/Tribeboard/TribeboardApp.swift /Users/tafmawere/Library/Developer/Xcode/DerivedData/Tribeboard-hdigiwhflrfqtodtlckntnnupjxx/Build/Intermediates.noindex/Tribeboard.build/Debug-iphonesimulator/Tribeboard.build/DerivedSources/CoreDataGenerated/Tribeboard/RunEntity+CoreDataClass.swift /Users/tafmawere/Library/Developer/Xcode/DerivedData/Tribeboard-hdigiwhflrfqtodtlckntnnupjxx/Build/Intermediates.noindex/Tribeboard.build/Debug-iphonesimulator/Tribeboard.build/DerivedSources/CoreDataGenerated/Tribeboard/RunEntity+CoreDataProperties.swift /Users/tafmawere/Library/Developer/Xcode/DerivedData/Tribeboard-hdigiwhflrfqtodtlckntnnupjxx/Build/Intermediates.noindex/Tribeboard.build/Debug-iphonesimulator/Tribeboard.build/DerivedSources/CoreDataGenerated/Tribeboard/RunEventEntity+CoreDataClass.swift /Users/tafmawere/Library/Developer/Xcode/DerivedData/Tribeboard-hdigiwhflrfqtodtlckntnnupjxx/Build/Intermediates.noindex/Tribeboard.build/Debug-iphonesimulator/Tribeboard.build/DerivedSources/CoreDataGenerated/Tribeboard/RunEventEntity+CoreDataProperties.swift /Users/tafmawere/Library/Developer/Xcode/DerivedData/Tribeboard-hdigiwhflrfqtodtlckntnnupjxx/Build/Intermediates.noindex/Tribeboard.build/Debug-iphonesimulator/Tribeboard.build/DerivedSources/CoreDataGenerated/Tribeboard/Tribeboard+CoreDataModel.swift /Users/tafmawere/Library/Developer/Xcode/DerivedData/Tribeboard-hdigiwhflrfqtodtlckntnnupjxx/Build/Intermediates.noindex/Tribeboard.build/Debug-iphonesimulator/Tribeboard.build/DerivedSources/GeneratedAssetSymbols.swift -emit-dependencies-path /Users/tafmawere/Library/Developer/Xcode/DerivedData/Tribeboard-hdigiwhflrfqtodtlckntnnupjxx/Build/Intermediates.noindex/Tribeboard.build/Debug-iphonesimulator/Tribeboard.build/Objects-normal/arm64/BottomNavigationBar.d -emit-const-values-path /Users/tafmawere/Library/Developer/Xcode/DerivedData/Tribeboard-hdigiwhflrfqtodtlckntnnupjxx/Build/Intermediates.noindex/Tribeboard.build/Debug-iphonesimulator/Tribeboard.build/Objects-normal/arm64/BottomNavigationBar.swiftconstvalues -emit-reference-dependencies-path /Users/tafmawere/Library/Developer/Xcode/DerivedData/Tribeboard-hdigiwhflrfqtodtlckntnnupjxx/Build/Intermediates.noindex/Tribeboard.build/Debug-iphonesimulator/Tribeboard.build/Objects-normal/arm64/BottomNavigationBar.swiftdeps -serialize-diagnostics-path /Users/tafmawere/Library/Developer/Xcode/DerivedData/Tribeboard-hdigiwhflrfqtodtlckntnnupjxx/Build/Intermediates.noindex/Tribeboard.build/Debug-iphonesimulator/Tribeboard.build/Objects-normal/arm64/BottomNavigationBar.dia -emit-localized-strings -emit-localized-strings-path /Users/tafmawere/Library/Developer/Xcode/DerivedData/Tribeboard-hdigiwhflrfqtodtlckntnnupjxx/Build/Intermediates.noindex/Tribeboard.build/Debug-iphonesimulator/Tribeboard.build/Objects-normal/arm64 -target arm64-apple-ios18.6-simulator -module-can-import-version DeveloperToolsSupport 23.0.4 23.0.4 -module-can-import-version SwiftUI 7.2.5.1 7.2.5 -module-can-import-version UIKit 9126.2.4.1 9126.2.4 -disable-cross-import-overlay-search -swift-module-cross-import CoreData /Applications/Xcode.app/Contents/Developer/Platforms/iPhoneSimulator.platform/Developer/SDKs/iPhoneSimulator.sdk/System/Library/Frameworks/CoreData.framework/Modules/CoreData.swiftcrossimport/CloudKit.swiftoverlay -swift-module-cross-import CoreData /Applications/Xcode.app/Contents/Developer/Platforms/iPhoneSimulator.platform/Developer/SDKs/iPhoneSimulator26.2.sdk/System/Library/Frameworks/CoreData.framework/Modules/CoreData.swiftcrossimport/CloudKit.swiftoverlay -swift-module-cross-import MapKit /Applications/Xcode.app/Contents/Developer/Platforms/iPhoneSimulator.platform/Developer/SDKs/iPhoneSimulator.sdk/System/Library/Frameworks/MapKit.framework/Modules/MapKit.swiftcrossimport/SwiftUI.swiftoverlay -load-resolved-plugin /Applications/Xcode.app/Contents/Developer/Platforms/iPhoneOS.platform/Developer/usr/lib/swift/host/plugins/libFoundationMacros.dylib\#/Applications/Xcode.app/Contents/Developer/Platforms/iPhoneOS.platform/Developer/usr/bin/swift-plugin-server\#FoundationMacros -load-resolved-plugin /Applications/Xcode.app/Contents/Developer/Platforms/iPhoneOS.platform/Developer/usr/lib/swift/host/plugins/libObservationMacros.dylib\#/Applications/Xcode.app/Contents/Developer/Platforms/iPhoneOS.platform/Developer/usr/bin/swift-plugin-server\#ObservationMacros -load-resolved-plugin /Applications/Xcode.app/Contents/Developer/Platforms/iPhoneOS.platform/Developer/usr/lib/swift/host/plugins/libPreviewsMacros.dylib\#/Applications/Xcode.app/Contents/Developer/Platforms/iPhoneOS.platform/Developer/usr/bin/swift-plugin-server\#PreviewsMacros -load-resolved-plugin /Applications/Xcode.app/Contents/Developer/Platforms/iPhoneOS.platform/Developer/usr/lib/swift/host/plugins/libSwiftMacros.dylib\#/Applications/Xcode.app/Contents/Developer/Platforms/iPhoneOS.platform/Developer/usr/bin/swift-plugin-server\#SwiftMacros -load-resolved-plugin /Applications/Xcode.app/Contents/Developer/Platforms/iPhoneOS.platform/Developer/usr/lib/swift/host/plugins/libSwiftUIMacros.dylib\#/Applications/Xcode.app/Contents/Developer/Platforms/iPhoneOS.platform/Developer/usr/bin/swift-plugin-server\#SwiftUIMacros -disable-implicit-swift-modules -Xcc -fno-implicit-modules -Xcc -fno-implicit-module-maps -explicit-swift-module-map-file /Users/tafmawere/Library/Developer/Xcode/DerivedData/Tribeboard-hdigiwhflrfqtodtlckntnnupjxx/Build/Intermediates.noindex/Tribeboard.build/Debug-iphonesimulator/Tribeboard.build/Objects-normal/arm64/Tribeboard-dependencies-1.json -Xllvm -aarch64-use-tbi -enable-objc-interop -sdk /Applications/Xcode.app/Contents/Developer/Platforms/iPhoneSimulator.platform/Developer/SDKs/iPhoneSimulator26.2.sdk -I /Users/tafmawere/Library/Developer/Xcode/DerivedData/Tribeboard-hdigiwhflrfqtodtlckntnnupjxx/Build/Products/Debug-iphonesimulator -F /Users/tafmawere/Library/Developer/Xcode/DerivedData/Tribeboard-hdigiwhflrfqtodtlckntnnupjxx/Build/Products/Debug-iphonesimulator -no-color-diagnostics -Xcc -fno-color-diagnostics -enable-testing -g -debug-info-format\=dwarf -dwarf-version\=5 -module-cache-path /Users/tafmawere/Library/Developer/Xcode/DerivedData/Tribeboard-hdigiwhflrfqtodtlckntnnupjxx/Build/Intermediates.noindex/SwiftExplicitPrecompiledModules -profile-generate -profile-coverage-mapping -swift-version 5 -enforce-exclusivity\=checked -Onone -D DEBUG -serialize-debugging-options -const-gather-protocols-file /Users/tafmawere/Library/Developer/Xcode/DerivedData/Tribeboard-hdigiwhflrfqtodtlckntnnupjxx/Build/Intermediates.noindex/Tribeboard.build/Debug-iphonesimulator/Tribeboard.build/Objects-normal/arm64/Tribeboard_const_extract_protocols.json -enable-upcoming-feature DisableOutwardActorInference -enable-upcoming-feature InferSendableFromCaptures -enable-upcoming-feature GlobalActorIsolatedTypesUsability -enable-upcoming-feature MemberImportVisibility -enable-upcoming-feature InferIsolatedConformances -enable-upcoming-feature NonisolatedNonsendingByDefault -enable-experimental-feature DebugDescriptionMacro -enable-bare-slash-regex -default-isolation\=MainActor -empty-abi-descriptor -validate-clang-modules-once -clang-build-session-file /Users/tafmawere/Library/Developer/Xcode/DerivedData/ModuleCache.noindex/Session.modulevalidation -Xcc -working-directory -Xcc /Users/tafmawere/Projects\ Kiro/Tribeboard_MVP/Tribeboard -enable-anonymous-context-mangled-names -file-compilation-dir /Users/tafmawere/Projects\ Kiro/Tribeboard_MVP/Tribeboard -Xcc -D_LIBCPP_HARDENING_MODE\=_LIBCPP_HARDENING_MODE_DEBUG -Xcc -ivfsstatcache -Xcc /Users/tafmawere/Library/Developer/Xcode/DerivedData/SDKStatCaches.noindex/iphonesimulator26.2-23C53-7d00a8b37fbd7999ea79df8ebc024bf0.sdkstatcache -Xcc -I/Users/tafmawere/Library/Developer/Xcode/DerivedData/Tribeboard-hdigiwhflrfqtodtlckntnnupjxx/Build/Intermediates.noindex/Tribeboard.build/Debug-iphonesimulator/Tribeboard.build/swift-overrides.hmap -Xcc -iquote -Xcc /Users/tafmawere/Library/Developer/Xcode/DerivedData/Tribeboard-hdigiwhflrfqtodtlckntnnupjxx/Build/Intermediates.noindex/Tribeboard.build/Debug-iphonesimulator/Tribeboard.build/Tribeboard-generated-files.hmap -Xcc -I/Users/tafmawere/Library/Developer/Xcode/DerivedData/Tribeboard-hdigiwhflrfqtodtlckntnnupjxx/Build/Intermediates.noindex/Tribeboard.build/Debug-iphonesimulator/Tribeboard.build/Tribeboard-own-target-headers.hmap -Xcc -I/Users/tafmawere/Library/Developer/Xcode/DerivedData/Tribeboard-hdigiwhflrfqtodtlckntnnupjxx/Build/Intermediates.noindex/Tribeboard.build/Debug-iphonesimulator/Tribeboard.build/Tribeboard-all-target-headers.hmap -Xcc -iquote -Xcc /Users/tafmawere/Library/Developer/Xcode/DerivedData/Tribeboard-hdigiwhflrfqtodtlckntnnupjxx/Build/Intermediates.noindex/Tribeboard.build/Debug-iphonesimulator/Tribeboard.build/Tribeboard-project-headers.hmap -Xcc -I/Users/tafmawere/Library/Developer/Xcode/DerivedData/Tribeboard-hdigiwhflrfqtodtlckntnnupjxx/Build/Products/Debug-iphonesimulator/include -Xcc -I/Users/tafmawere/Library/Developer/Xcode/DerivedData/Tribeboard-hdigiwhflrfqtodtlckntnnupjxx/Build/Intermediates.noindex/Tribeboard.build/Debug-iphonesimulator/Tribeboard.build/DerivedSources-normal/arm64 -Xcc -I/Users/tafmawere/Library/Developer/Xcode/DerivedData/Tribeboard-hdigiwhflrfqtodtlckntnnupjxx/Build/Intermediates.noindex/Tribeboard.build/Debug-iphonesimulator/Tribeboard.build/DerivedSources/arm64 -Xcc -I/Users/tafmawere/Library/Developer/Xcode/DerivedData/Tribeboard-hdigiwhflrfqtodtlckntnnupjxx/Build/Intermediates.noindex/Tribeboard.build/Debug-iphonesimulator/Tribeboard.build/DerivedSources -Xcc -DDEBUG\=1 -no-auto-bridging-header-chaining -module-name Tribeboard -frontend-parseable-output -disable-clang-spi -target-sdk-version 26.2 -target-sdk-name iphonesimulator26.2 -clang-target arm64-apple-ios26.2-simulator -in-process-plugin-server-path /Applications/Xcode.app/Contents/Developer/Toolchains/XcodeDefault.xctoolchain/usr/lib/swift/host/libSwiftInProcPluginServer.dylib -o /Users/tafmawere/Library/Developer/Xcode/DerivedData/Tribeboard-hdigiwhflrfqtodtlckntnnupjxx/Build/Intermediates.noindex/Tribeboard.build/Debug-iphonesimulator/Tribeboard.build/Objects-normal/arm64/BottomNavigationBar.o -index-unit-output-path /Tribeboard.build/Debug-iphonesimulator/Tribeboard.build/Objects-normal/arm64/BottomNavigationBar.o -index-store-path /Users/tafmawere/Library/Developer/Xcode/DerivedData/Tribeboard-hdigiwhflrfqtodtlckntnnupjxx/Index.noindex/DataStore -index-system-modules

SwiftCompile normal arm64 /Users/tafmawere/Projects\ Kiro/Tribeboard_MVP/Tribeboard/Tribeboard/Views/Components/BottomNavigationBar.swift (in target 'Tribeboard' from project 'Tribeboard')
    cd /Users/tafmawere/Projects\ Kiro/Tribeboard_MVP/Tribeboard
    
/Users/tafmawere/Projects Kiro/Tribeboard_MVP/Tribeboard/Tribeboard/Views/Components/BottomNavigationBar.swift:14:31: error: cannot find type 'MainTab' in scope
    @Binding var selectedTab: MainTab
                              ^~~~~~~
/Users/tafmawere/Projects Kiro/Tribeboard_MVP/Tribeboard/Tribeboard/Views/Components/BottomNavigationBar.swift:18:18: error: cannot find type 'MainTab' in scope
        let tab: MainTab
                 ^~~~~~~
/Users/tafmawere/Projects Kiro/Tribeboard_MVP/Tribeboard/Tribeboard/Views/Components/BottomNavigationBar.swift:24:23: error: cannot infer contextual base in reference to member 'home'
        TabItem(tab: .home, icon: "house.fill", label: "Today"),
                     ~^~~~
/Users/tafmawere/Projects Kiro/Tribeboard_MVP/Tribeboard/Tribeboard/Views/Components/BottomNavigationBar.swift:25:23: error: cannot infer contextual base in reference to member 'runs'
        TabItem(tab: .runs, icon: "car.fill", label: "Runs"),
                     ~^~~~
/Users/tafmawere/Projects Kiro/Tribeboard_MVP/Tribeboard/Tribeboard/Views/Components/BottomNavigationBar.swift:26:23: error: cannot infer contextual base in reference to member 'calendar'
        TabItem(tab: .calendar, icon: "calendar", label: "Calendar"),
                     ~^~~~~~~~
/Users/tafmawere/Projects Kiro/Tribeboard_MVP/Tribeboard/Tribeboard/Views/Components/BottomNavigationBar.swift:27:23: error: cannot infer contextual base in reference to member 'feed'
        TabItem(tab: .feed, icon: "list.bullet", label: "Feed"),
                     ~^~~~
/Users/tafmawere/Projects Kiro/Tribeboard_MVP/Tribeboard/Tribeboard/Views/Components/BottomNavigationBar.swift:28:23: error: cannot infer contextual base in reference to member 'tribe'
        TabItem(tab: .tribe, icon: "person.3.fill", label: "Tribe")
                     ~^~~~~
/Users/tafmawere/Projects Kiro/Tribeboard_MVP/Tribeboard/Tribeboard/Views/Components/BottomNavigationBar.swift:83:11: error: cannot find type 'MainTab' in scope
extension MainTab: Hashable {
          ^~~~~~~
/Users/tafmawere/Projects Kiro/Tribeboard_MVP/Tribeboard/Tribeboard/Views/Components/BottomNavigationBar.swift:103:42: error: cannot find type 'MainTab' in scope
    @Previewable @State var selectedTab: MainTab = .home
                                         ^~~~~~~
/Users/tafmawere/Projects Kiro/Tribeboard_MVP/Tribeboard/Tribeboard/Views/Components/BottomNavigationBar.swift:102:1: error: type of expression is ambiguous without a type annotation
#Preview("Bottom Navigation - Home Selected") {
^~~~~~~~~~~~~~~~~~~~~~~~~~~~~~~~~~~~~~~~~~~~~~~
/Users/tafmawere/Projects Kiro/Tribeboard_MVP/Tribeboard/Tribeboard/Views/Components/BottomNavigationBar.swift:115:42: error: cannot find type 'MainTab' in scope
    @Previewable @State var selectedTab: MainTab = .runs
                                         ^~~~~~~
/Users/tafmawere/Projects Kiro/Tribeboard_MVP/Tribeboard/Tribeboard/Views/Components/BottomNavigationBar.swift:114:1: error: type of expression is ambiguous without a type annotation
#Preview("Bottom Navigation - Runs Selected") {
^~~~~~~~~~~~~~~~~~~~~~~~~~~~~~~~~~~~~~~~~~~~~~~
/Users/tafmawere/Projects Kiro/Tribeboard_MVP/Tribeboard/Tribeboard/Views/Components/BottomNavigationBar.swift:127:42: error: cannot find type 'MainTab' in scope
    @Previewable @State var selectedTab: MainTab = .home
                                         ^~~~~~~
/Users/tafmawere/Projects Kiro/Tribeboard_MVP/Tribeboard/Tribeboard/Views/Components/BottomNavigationBar.swift:126:1: error: type of expression is ambiguous without a type annotation
#Preview("Bottom Navigation - All Tabs") {
^~~~~~~~~~~~~~~~~~~~~~~~~~~~~~~~~~~~~~~~~~
/Users/tafmawere/Projects Kiro/Tribeboard_MVP/Tribeboard/Tribeboard/Views/Components/BottomNavigationBar.swift:148:42: error: cannot find type 'MainTab' in scope
    @Previewable @State var selectedTab: MainTab = .calendar
                                         ^~~~~~~
/Users/tafmawere/Projects Kiro/Tribeboard_MVP/Tribeboard/Tribeboard/Views/Components/BottomNavigationBar.swift:147:1: error: type of expression is ambiguous without a type annotation
#Preview("Bottom Navigation - Dark Mode") {
^~~~~~~~~~~~~~~~~~~~~~~~~~~~~~~~~~~~~~~~~~~
/Users/tafmawere/Projects Kiro/Tribeboard_MVP/Tribeboard/Tribeboard/Views/Components/BottomNavigationBar.swift:162:11: error: cannot find type 'MainTab' in scope
extension MainTab {
          ^~~~~~~
/Users/tafmawere/Projects Kiro/Tribeboard_MVP/Tribeboard/Tribeboard/Views/Components/BottomNavigationBar.swift:33:21: error: cannot convert value of type '[BottomNavigationBar.TabItem]' to expected argument type 'Binding<C>'
            ForEach(tabs, id: \.tab) { tabItem in
                    ^
/Users/tafmawere/Projects Kiro/Tribeboard_MVP/Tribeboard/Tribeboard/Views/Components/BottomNavigationBar.swift:33:13: error: generic parameter 'C' could not be inferred
            ForEach(tabs, id: \.tab) { tabItem in
            ^
SwiftUI.ForEach.init:2:8: note: in call to initializer
public init<C>(_ data: Binding<C>, id: KeyPath<C.Element, ID>, @ViewBuilder content: @escaping (Binding<C.Element>) -> Content) where Data == LazyMapSequence<C.Indices, (C.Index, ID)>, C : MutableCollection, C : RandomAccessCollection, C.Index : Hashable}
       ^
/Users/tafmawere/Projects Kiro/Tribeboard_MVP/Tribeboard/Tribeboard/Views/Components/BottomNavigationBar.swift:33:31: error: cannot infer key path type from context; consider explicitly specifying a root type
            ForEach(tabs, id: \.tab) { tabItem in
                              ^
                               <#Root#>
/Users/tafmawere/Projects Kiro/Tribeboard_MVP/Tribeboard/Tribeboard/Views/Components/BottomNavigationBar.swift:35:35: error: cannot convert value of type 'Binding<Subject>' to expected argument type 'String'
                    icon: tabItem.icon,
                                  ^
/Users/tafmawere/Projects Kiro/Tribeboard_MVP/Tribeboard/Tribeboard/Views/Components/BottomNavigationBar.swift:36:36: error: cannot convert value of type 'Binding<Subject>' to expected argument type 'String'
                    label: tabItem.label,
                                   ^


Test session results, code coverage, and logs:
	/Users/tafmawere/Library/Developer/Xcode/DerivedData/Tribeboard-hdigiwhflrfqtodtlckntnnupjxx/Logs/Test/Test-Tribeboard-2026.02.11_11-56-32-+0200.xcresult

Testing failed:
	Cannot find type 'MainTab' in scope
	Cannot find type 'MainTab' in scope
	Cannot infer contextual base in reference to member 'home'
	Cannot infer contextual base in reference to member 'runs'
	Cannot infer contextual base in reference to member 'calendar'
	Cannot infer contextual base in reference to member 'feed'
	Cannot infer contextual base in reference to member 'tribe'
	Cannot find type 'MainTab' in scope
	Cannot find type 'MainTab' in scope
	Type of expression is ambiguous without a type annotation
	Cannot find type 'MainTab' in scope
	Type of expression is ambiguous without a type annotation
	Cannot find type 'MainTab' in scope
	Type of expression is ambiguous without a type annotation
	Cannot find type 'MainTab' in scope
	Type of expression is ambiguous without a type annotation
	Cannot find type 'MainTab' in scope
	Cannot convert value of type '[BottomNavigationBar.TabItem]' to expected argument type 'Binding<C>'
	Generic parameter 'C' could not be inferred
	Cannot infer key path type from context; consider explicitly specifying a root type
	Cannot convert value of type 'Binding<Subject>' to expected argument type 'String'
	Cannot convert value of type 'Binding<Subject>' to expected argument type 'String'
	Testing cancelled because the build failed.

** TEST FAILED **


The following build commands failed:
	SwiftCompile normal arm64 Compiling\ BottomNavigationBar.swift /Users/tafmawere/Projects\ Kiro/Tribeboard_MVP/Tribeboard/Tribeboard/Views/Components/BottomNavigationBar.swift (in target 'Tribeboard' from project 'Tribeboard')
	SwiftCompile normal arm64 /Users/tafmawere/Projects\ Kiro/Tribeboard_MVP/Tribeboard/Tribeboard/Views/Components/BottomNavigationBar.swift (in target 'Tribeboard' from project 'Tribeboard')
	Testing project Tribeboard with scheme Tribeboard
(3 failures)
